
> trading-journal@0.1.0 build
> next build

node.exe : [baseline-
browser-mapping] The 
data in this module 
is over two months 
old.  To ensure 
accurate Baseline 
data, please update: 
`npm i baseline-brows
er-mapping@latest -D`
At line:1 char:1
+ & "D:\NODE 
JS/node.exe" 
"D:\NODE JS/node_modu
les/npm/bin/npm-cli.j
s"  ...
+ ~~~~~~~~~~~~~~~~~~~
~~~~~~~~~~~~~~~~~~~~~
~~~~~~~~~~~~~~~~~~~~~
~~~~~~~~
    + CategoryInfo   
           : NotSpe  
  cified: ([baseli   
 ne-brows...ping@    
latest -D`:Strin    
g) [], RemoteExc    
eption
    + FullyQualified 
   ErrorId : Native  
  CommandError
 
   Γû▓ Next.js 16.0.3 (Turbopack)
   - Environments: .env.local

 ΓÜá The 
"middleware" file 
convention is 
deprecated. Please 
use "proxy" instead. 
Learn more: https://n
extjs.org/docs/messag
es/middleware-to-prox
y
   Creating an optimized production build ...
[baseline-browser-map
ping] The data in 
this module is over 
two months old.  To 
ensure accurate 
Baseline data, 
please update: `npm 
i baseline-browser-ma
pping@latest -D`
 Γ£ô Compiled successfully in 24.0s
   Running TypeScript ...
   Collecting page data using 7 workers ...
[baseline-browser-map
ping] The data in 
this module is over 
two months old.  To 
ensure accurate 
Baseline data, 
please update: `npm 
i baseline-browser-ma
pping@latest -D`
[baseline-browser-map
ping] The data in 
this module is over 
two months old.  To 
ensure accurate 
Baseline data, 
please update: `npm 
i baseline-browser-ma
pping@latest -D`
[baseline-browser-map
ping] The data in 
this module is over 
two months old.  To 
ensure accurate 
Baseline data, 
please update: `npm 
i baseline-browser-ma
pping@latest -D`
[baseline-browser-map
ping] The data in 
this module is over 
two months old.  To 
ensure accurate 
Baseline data, 
please update: `npm 
i baseline-browser-ma
pping@latest -D`
[baseline-browser-map
ping] The data in 
this module is over 
two months old.  To 
ensure accurate 
Baseline data, 
please update: `npm 
i baseline-browser-ma
pping@latest -D`
[baseline-browser-map
ping] The data in 
this module is over 
two months old.  To 
ensure accurate 
Baseline data, 
please update: `npm 
i baseline-browser-ma
pping@latest -D`
[baseline-browser-map
ping] The data in 
this module is over 
two months old.  To 
ensure accurate 
Baseline data, 
please update: `npm 
i baseline-browser-ma
pping@latest -D`
 ΓÜá Using edge 
runtime on a page 
currently disables 
static generation 
for that page
   Generating static pages using 7 workers (0/19) ...
[baseline-browser-map
ping] The data in 
this module is over 
two months old.  To 
ensure accurate 
Baseline data, 
please update: `npm 
i baseline-browser-ma
pping@latest -D`
   Generating static pages using 7 workers (4/19) 
   Generating static pages using 7 workers (9/19) 
   Generating static pages using 7 workers (14/19) 
 Γ¿» 
useSearchParams() 
should be wrapped in 
a suspense boundary 
at page "/login". 
Read more: https://ne
xtjs.org/docs/message
s/missing-suspense-wi
th-csr-bailout
    at S (D:\ANTIGRAV
ITY\trading-journal\.
next\server\chunks\ss
r\node_modules_next_c
f02c53c._.js:2:2111)
    at p (D:\ANTIGRAV
ITY\trading-journal\.
next\server\chunks\ss
r\node_modules_next_c
f02c53c._.js:4:4847)
    at j (D:\ANTIGRAV
ITY\trading-journal\.
next\server\chunks\ss
r\[root-of-the-server
]__7ff42ab8._.js:1:75
45)
    at ar (D:\ANTIGRA
VITY\trading-journal\
node_modules\next\dis
t\compiled\next-serve
r\app-page-turbo.runt
ime.prod.js:2:84366)
    at aa (D:\ANTIGRA
VITY\trading-journal\
node_modules\next\dis
t\compiled\next-serve
r\app-page-turbo.runt
ime.prod.js:2:86185)
    at as (D:\ANTIGRA
VITY\trading-journal\
node_modules\next\dis
t\compiled\next-serve
r\app-page-turbo.runt
ime.prod.js:2:107952)
    at ao (D:\ANTIGRA
VITY\trading-journal\
node_modules\next\dis
t\compiled\next-serve
r\app-page-turbo.runt
ime.prod.js:2:105374)
    at an (D:\ANTIGRA
VITY\trading-journal\
node_modules\next\dis
t\compiled\next-serve
r\app-page-turbo.runt
ime.prod.js:2:84718)
    at aa (D:\ANTIGRA
VITY\trading-journal\
node_modules\next\dis
t\compiled\next-serve
r\app-page-turbo.runt
ime.prod.js:2:86234)
    at aa (D:\ANTIGRA
VITY\trading-journal\
node_modules\next\dis
t\compiled\next-serve
r\app-page-turbo.runt
ime.prod.js:2:104714)
Error occurred 
prerendering page 
"/login". Read more: 
https://nextjs.org/do
cs/messages/prerender
-error
Export encountered 
an error on 
/login/page: /login, 
exiting the build.
 Γ¿» Next.js build 
worker exited with 
code: 1 and signal: 
null
