src/app/(dashboard)/strategies/page.tsx(136,38): error TS2304: Cannot find name 'Link'.
src/app/(dashboard)/strategies/page.tsx(138,39): error TS2304: Cannot find name 'Link'.
src/components/backtest/ChallengeStatusWidget.tsx(50,107): error TS2322: Type '{ value: number; className: string; indicatorClassName: string; }' is not assignable to type 'IntrinsicAttributes & Omit<ProgressProps & RefAttributes<HTMLDivElement>, "ref"> & RefAttributes<HTMLDivElement>'.
  Property 'indicatorClassName' does not exist on type 'IntrinsicAttributes & Omit<ProgressProps & RefAttributes<HTMLDivElement>, "ref"> & RefAttributes<HTMLDivElement>'.
src/components/backtest/ChallengeStatusWidget.tsx(61,109): error TS2322: Type '{ value: number; className: string; indicatorClassName: string; }' is not assignable to type 'IntrinsicAttributes & Omit<ProgressProps & RefAttributes<HTMLDivElement>, "ref"> & RefAttributes<HTMLDivElement>'.
  Property 'indicatorClassName' does not exist on type 'IntrinsicAttributes & Omit<ProgressProps & RefAttributes<HTMLDivElement>, "ref"> & RefAttributes<HTMLDivElement>'.
src/components/backtest/ChallengeStatusWidget.tsx(72,105): error TS2322: Type '{ value: number; className: string; indicatorClassName: string; }' is not assignable to type 'IntrinsicAttributes & Omit<ProgressProps & RefAttributes<HTMLDivElement>, "ref"> & RefAttributes<HTMLDivElement>'.
  Property 'indicatorClassName' does not exist on type 'IntrinsicAttributes & Omit<ProgressProps & RefAttributes<HTMLDivElement>, "ref"> & RefAttributes<HTMLDivElement>'.
src/components/dashboard/AchievementManager.tsx(30,17): error TS2353: Object literal may only specify known properties, and 'scale' does not exist in type 'Html2CanvasOptions'.
src/components/sharing/ShareTradeModal.tsx(25,17): error TS2561: Object literal may only specify known properties, but 'backgroundColor' does not exist in type 'Html2CanvasOptions'. Did you mean to write 'background'?
